../Core/Src/main.c:122:5:_write	1
../Core/Src/main.c:135:6:shiftADCMem	1
../Core/Src/main.c:161:5:main	7
../Core/Src/main.c:270:6:SystemClock_Config	3
../Core/Src/main.c:318:13:MX_ADC1_Init	5
../Core/Src/main.c:395:13:MX_ADC2_Init	3
../Core/Src/main.c:454:13:MX_ADC3_Init	4
../Core/Src/main.c:522:13:MX_ADC4_Init	4
../Core/Src/main.c:590:13:MX_ADC5_Init	3
../Core/Src/main.c:649:13:MX_DAC1_Init	4
../Core/Src/main.c:703:13:MX_DAC2_Init	3
../Core/Src/main.c:750:13:MX_TIM2_Init	4
../Core/Src/main.c:795:13:MX_TIM3_Init	4
../Core/Src/main.c:840:13:MX_TIM4_Init	4
../Core/Src/main.c:883:13:MX_DMA_Init	1
../Core/Src/main.c:923:13:MX_GPIO_Init	1
../Core/Src/main.c:941:6:setPeriod	3
../Core/Src/main.c:959:6:HAL_ADC_ConvCpltCallback	6
../Core/Src/main.c:979:6:Error_Handler	1
