../Core/Src/main.c:122:5:_write	1
../Core/Src/main.c:135:6:shiftADCMem	1
../Core/Src/main.c:161:5:main	7
../Core/Src/main.c:272:6:SystemClock_Config	3
../Core/Src/main.c:320:13:MX_ADC1_Init	5
../Core/Src/main.c:397:13:MX_ADC2_Init	3
../Core/Src/main.c:456:13:MX_ADC3_Init	4
../Core/Src/main.c:524:13:MX_ADC4_Init	4
../Core/Src/main.c:592:13:MX_ADC5_Init	3
../Core/Src/main.c:651:13:MX_DAC1_Init	4
../Core/Src/main.c:705:13:MX_DAC2_Init	3
../Core/Src/main.c:752:13:MX_TIM2_Init	4
../Core/Src/main.c:797:13:MX_TIM3_Init	4
../Core/Src/main.c:842:13:MX_TIM4_Init	4
../Core/Src/main.c:885:13:MX_DMA_Init	1
../Core/Src/main.c:925:13:MX_GPIO_Init	1
../Core/Src/main.c:943:6:setPeriod	3
../Core/Src/main.c:961:6:HAL_ADC_ConvCpltCallback	6
../Core/Src/main.c:981:6:Error_Handler	1
